Select mode: atm or agent.
Logged into agent mode.
Enter account number to create.
Enter name of new account.
Account successfully created. Will update after synchronizing with Back Office.
Logged out.
