Select mode: atm or agent.
Logged into agent mode.
Enter account number to create.
Incorrect account number format (8 digits, no leading zeros). Create cancelled.
Logged out.
