Select mode: atm or agent.
Logged into agent mode.
Enter account number to create.
Account already exists. Create cancelled.
Logged out.
