Select mode: atm or agent.
Unrecognized mode. Login cancelled.
