Unrecognized command. Remember all commands must be in lowercase.
