Select mode: atm or agent.
Logged into atm mode.
Enter account number to withdraw from.
Enter amount (in cents) to withdraw.
Amount is not a proper number. Withdraw cancelled.
Logged out.
