Select mode: atm or agent.
Logged into agent mode.
Enter number of account to deposit into.
Enter number of account to transfer to.
Account number does not exist. Transfer cancelled.
Logged out.
