Select mode: atm or agent.
Logged into agent mode.
Enter number of account to deposit into.
Enter number of account to transfer to.
Enter amount (in cents) to transfer.
Transfer above $999,999.99 limit. Transfer cancelled.
Logged out.
