Select mode: atm or agent.
Logged into atm mode.
Unrecognized command. Remember all commands must be in lowercase.
Logged out.
