Select mode: atm or agent.
Logged into atm mode.
Enter number of account to transfer from.
Account number does not exist. Transfer cancelled.
Logged out.
