Select mode: atm or agent.
Logged into atm mode.
Enter account number to withdraw from.
Account does not exist. Withdraw cancelled.
Logged out.
