Select mode: atm or agent.
Logged into agent mode.
Enter account number to withdraw from.
Enter amount (in cents) to withdraw.
Withdraw successful.
Enter account number to withdraw from.
Enter amount (in cents) to withdraw.
Withdraw above $1000.00 session limit. Withdraw cancelled.
Logged out.
