Select mode: atm or agent.
Logged into atm mode.
Enter account number to delete.
Account does not exist. Delete cancelled.
Logged out.
