Select mode: atm or agent.
Logged into atm mode.
Enter account number to delete.
Enter name of account to delete.
Account successfully deleted.
Logged out.
