Select mode: atm or agent.
Logged into agent mode.
Unrecognized command. Remember all commands must be in lowercase.
Logged out.
