Select mode: atm or agent.
Logged into atm mode.
Enter number of account to deposit into.
Enter amount (in cents) to deposit.
Amount is not a proper number. Deposit cancelled.
Logged out.
