Select mode: atm or agent.
Logged into atm mode.
Enter number of account to deposit into.
Enter amount (in cents) to deposit.
Deposit above $1000.00 limit. Deposit cancelled.
Logged out.
