Select mode: atm or agent.
Logged into agent mode.
Logged out.
