Select mode: atm or agent.
Logged into agent mode.
Logged out.
Select mode: atm or agent.
Logged into atm mode.
Cannot access create feature in atm mode.
Logged out.
