Select mode: atm or agent.
Logged into agent mode.
Enter account number to create.
Enter name of new account.
Enter number of account to deposit into.
Account successfully created. Will update after synchronizing with Back Office.
Enter amount (in cents) to deposit.
Deposit successful.
Enter account number to withdraw from.
Enter amount (in cents) to withdraw.
Withdraw successful.
Enter account number to delete.
Enter name of account to delete.
Account successfully deleted.
Logged out.
